error[E0597]: `non_scoped` does not live long enough
  --> tests/ui/01-capture-state.rs:15:20
   |
13 | /          scoped
14 | |              .as_ref()
15 | |              .spawn(async |state: ScopeState<Mutex<u64>>| {
   | | ____________________^
16 | ||                 yield_now().await;
17 | ||                 *state.lock().unwrap() += 1;
18 | ||                 *non_scoped.lock().unwrap() += 1;
19 | ||                 yield_now().await;
20 | ||             });
   | ||_____________^- argument requires that `non_scoped` is borrowed for `'static`
   |  |_____________|
   |                borrowed value does not live long enough
...
24 |    }
   |    - `non_scoped` dropped here while still borrowed
