error: lifetime may not live long enough
  --> tests/ui/03-return-state.rs:11:52
   |
11 |         .spawn(async move |state: ScopeState<u64>| state);
   |                            -----                 - ^^^^^ returning this value requires that `'1` must outlive `'2`
   |                            |                     |
   |                            |                     return type of async closure `{async closure body@$DIR/tests/ui/03-return-state.rs:11:52: 11:57}` contains a lifetime `'2`
   |                            has type `ScopeState<'1, u64>`
