error: lifetime may not live long enough
  --> tests/ui/04-return-nested-state.rs:11:52
   |
11 |         .spawn(async move |state: ScopeState<u64>| state.nest(1));
   |                            -----                 - ^^^^^^^^^^^^^ returning this value requires that `'1` must outlive `'2`
   |                            |                     |
   |                            |                     return type of async closure `{async closure body@$DIR/tests/ui/04-return-nested-state.rs:11:52: 11:65}` contains a lifetime `'2`
   |                            has type `ScopeState<'1, u64>`
